<html>
<body>
<pre>
<h1>µVision Build Log</h1>
<h2>Tool Versions:</h2>
IDE-Version: ¦ÌVision V5.14.0.0
Copyright (C) 2015 ARM Ltd and ARM Germany GmbH. All rights reserved.
License Information: yl mi, thu, LIC=IC9SB-2L885-WIK5K-ZW2KZ-B7KGV-P6R1E
 
Tool Versions:
Toolchain:       MDK-ARM Professional  Version: 5.14.0.0
Toolchain Path:  C:\Keil_v5\ARM\ARMCC\Bin
C Compiler:      Armcc.exe V5.05 update 1 (build 106)
Assembler:       Armasm.exe V5.05 update 1 (build 106)
Linker/Locator:  ArmLink.exe V5.05 update 1 (build 106)
Library Manager: ArmAr.exe V5.05 update 1 (build 106)
Hex Converter:   FromElf.exe V5.05 update 1 (build 106)
CPU DLL:         SARMCM3.DLL V5.14.0.0
Dialog DLL:      DARMSTM.DLL V1.65.0.0
Target DLL:      STLink\ST-LINKIII-KEIL_SWO.dll V2.0.14.0_KEIL
Dialog DLL:      TARMSTM.DLL V1.64.0.0
 
<h2>Project:</h2>
D:\²©Ê¿\rxb\´®¿Ú²âÊÔ\´®¿Ú²âÊÔ\USER\Template.uvprojx
Project File Date:  10/09/2018

<h2>Output:</h2>
Build target 'Template'
compiling usart.c...
..\SYSTEM\usart\usart.c(152): warning:  #177-D: variable "a" was declared but never referenced
        char a[] = "hello\r\n";
..\SYSTEM\usart\usart.c(153): warning:  #177-D: variable "i" was declared but never referenced
        int i;
..\SYSTEM\usart\usart.c(154): warning:  #177-D: variable "size" was declared but never referenced
        int size;
..\SYSTEM\usart\usart.c(155): warning:  #177-D: variable "index" was declared but never referenced
        int index;      
..\SYSTEM\usart\usart.c: 4 warnings, 0 errors
linking...
Program Size: Code=23676 RO-data=6476 RW-data=80 ZI-data=1896  
FromELF: creating hex file...
"..\OBJ\Template.axf" - 0 Error(s), 4 Warning(s).

<h2>Collection of Component include folders:</h2>
  D:\²©Ê¿\rxb\´®¿Ú²âÊÔ\´®¿Ú²âÊÔ\USER\RTE
  C:\Keil_v5\ARM\PACK\Keil\STM32F1xx_DFP\1.0.5\Device\Include

<h2>Collection of Component Files used:</h2>
</pre>
</body>
</html>
